Copyright 1986-2022 Xilinx, Inc. All Rights Reserved.
---------------------------------------------------------------------------------------------
| Tool Version : Vivado v.2022.1.1 (win64) Build 3557992 Fri Jun  3 09:58:00 MDT 2022
| Date         : Tue Aug  2 14:58:02 2022
| Host         : Minsung3080 running 64-bit major release  (build 9200)
| Command      : report_control_sets -verbose -file design_2_wrapper_control_sets_placed.rpt
| Design       : design_2_wrapper
| Device       : xc7a200t
---------------------------------------------------------------------------------------------

Control Set Information

Table of Contents
-----------------
1. Summary
2. Histogram
3. Flip-Flop Distribution
4. Detailed Control Set Information

1. Summary
----------

+----------------------------------------------------------+-------+
|                          Status                          | Count |
+----------------------------------------------------------+-------+
| Total control sets                                       |    86 |
|    Minimum number of control sets                        |    86 |
|    Addition due to synthesis replication                 |     0 |
|    Addition due to physical synthesis replication        |     0 |
| Unused register locations in slices containing registers |   217 |
+----------------------------------------------------------+-------+
* Control sets can be merged at opt_design using control_set_merge or merge_equivalent_drivers
** Run report_qor_suggestions for automated merging and remapping suggestions


2. Histogram
------------

+--------------------+-------+
|       Fanout       | Count |
+--------------------+-------+
| Total control sets |    86 |
| >= 0 to < 4        |    10 |
| >= 4 to < 6        |    16 |
| >= 6 to < 8        |     7 |
| >= 8 to < 10       |    16 |
| >= 10 to < 12      |     5 |
| >= 12 to < 14      |     1 |
| >= 14 to < 16      |     2 |
| >= 16              |    29 |
+--------------------+-------+
* Control sets can be remapped at either synth_design or opt_design


3. Flip-Flop Distribution
-------------------------

+--------------+-----------------------+------------------------+-----------------+--------------+
| Clock Enable | Synchronous Set/Reset | Asynchronous Set/Reset | Total Registers | Total Slices |
+--------------+-----------------------+------------------------+-----------------+--------------+
| No           | No                    | No                     |             340 |          121 |
| No           | No                    | Yes                    |              29 |            8 |
| No           | Yes                   | No                     |             333 |          125 |
| Yes          | No                    | No                     |             258 |           79 |
| Yes          | No                    | Yes                    |              15 |            8 |
| Yes          | Yes                   | No                     |             768 |          232 |
+--------------+-----------------------+------------------------+-----------------+--------------+


4. Detailed Control Set Information
-----------------------------------

+------------------------------------------------------------+------------------------------------------------------------------------------------------------------------------------------------------------------------------------------------------------------------+------------------------------------------------------------------------------------------------------------------------------------------------+------------------+----------------+--------------+
|                        Clock Signal                        |                                                                                                Enable Signal                                                                                               |                                                                Set/Reset Signal                                                                | Slice Load Count | Bel Load Count | Bels / Slice |
+------------------------------------------------------------+------------------------------------------------------------------------------------------------------------------------------------------------------------------------------------------------------------+------------------------------------------------------------------------------------------------------------------------------------------------+------------------+----------------+--------------+
|  design_2_i/mdm_1/U0/Use_E2.BSCAN_I/Dbg_Update_0_BUFG      | design_2_i/microblaze_0/U0/MicroBlaze_Core_I/Performance.Core/Use_Debug_Logic.Master_Core.Debug_Perf/Control_Reg_En                                                                                        | design_2_i/microblaze_0/U0/MicroBlaze_Core_I/Performance.Core/Use_Debug_Logic.Master_Core.Debug_Perf/Serial_Dbg_Intf.continue_from_brk_reg_n_0 |                1 |              1 |         1.00 |
| ~design_2_i/mdm_1/U0/Use_E2.BSCAN_I/Dbg_Update_0_BUFG      |                                                                                                                                                                                                            | design_2_i/mdm_1/U0/MDM_Core_I1/JTAG_CONTROL_I/sel_n                                                                                           |                1 |              1 |         1.00 |
|  design_2_i/mdm_1/U0/No_Dbg_Reg_Access.BUFG_DRCK/Dbg_Clk_0 | design_2_i/mdm_1/U0/Use_E2.BSCAN_I/Use_E2.BSCANE2_I_0                                                                                                                                                      | design_2_i/mdm_1/U0/MDM_Core_I1/JTAG_CONTROL_I/Functional_Reset                                                                                |                1 |              1 |         1.00 |
| ~design_2_i/mdm_1/U0/No_Dbg_Reg_Access.BUFG_DRCK/Dbg_Clk_0 | design_2_i/mdm_1/U0/MDM_Core_I1/JTAG_CONTROL_I/Use_BSCAN.FDC_I/CE                                                                                                                                          | design_2_i/mdm_1/U0/MDM_Core_I1/JTAG_CONTROL_I/Use_BSCAN.FDC_I/D                                                                               |                1 |              1 |         1.00 |
|  design_2_i/clk_wiz_1/inst/clk_out1                        |                                                                                                                                                                                                            | design_2_i/microblaze_0/U0/MicroBlaze_Core_I/Performance.Core/Use_Debug_Logic.Master_Core.Debug_Perf/Serial_Dbg_Intf.capture_1                 |                1 |              1 |         1.00 |
|  design_2_i/mdm_1/U0/Use_E2.BSCAN_I/Dbg_Update_0_BUFG      | design_2_i/microblaze_0/U0/MicroBlaze_Core_I/Performance.Core/Use_Debug_Logic.Master_Core.Debug_Perf/Control_Reg_En                                                                                        | design_2_i/microblaze_0/U0/MicroBlaze_Core_I/Performance.Core/Use_Debug_Logic.Master_Core.Debug_Perf/Serial_Dbg_Intf.force_stop_cmd_i_reg_0    |                1 |              1 |         1.00 |
|  design_2_i/mdm_1/U0/Use_E2.BSCAN_I/Dbg_Update_0_BUFG      | design_2_i/microblaze_0/U0/MicroBlaze_Core_I/Performance.Core/Use_Debug_Logic.Master_Core.Debug_Perf/Control_Reg_En                                                                                        | design_2_i/microblaze_0/U0/MicroBlaze_Core_I/Performance.Core/Use_Debug_Logic.Master_Core.Debug_Perf/Serial_Dbg_Intf.normal_stop_cmd_i_reg_n_0 |                1 |              1 |         1.00 |
|  design_2_i/mdm_1/U0/Use_E2.BSCAN_I/Dbg_Update_0_BUFG      | design_2_i/microblaze_0/U0/MicroBlaze_Core_I/Performance.Core/Use_Debug_Logic.Master_Core.Debug_Perf/Control_Reg_En                                                                                        | design_2_i/microblaze_0/U0/MicroBlaze_Core_I/Performance.Core/Use_Debug_Logic.Master_Core.Debug_Perf/start_single_step_reg_n_0                 |                1 |              1 |         1.00 |
|  design_2_i/mdm_1/U0/Use_E2.BSCAN_I/Dbg_Update_0_BUFG      | design_2_i/microblaze_0/U0/MicroBlaze_Core_I/Performance.Core/Use_Debug_Logic.Master_Core.Debug_Perf/Command_Reg_En                                                                                        | design_2_i/microblaze_0/U0/MicroBlaze_Core_I/Performance.Core/Use_Debug_Logic.Master_Core.Debug_Perf/command_reg_clear                         |                1 |              2 |         2.00 |
|  design_2_i/mdm_1/U0/Use_E2.BSCAN_I/Dbg_Update_0_BUFG      |                                                                                                                                                                                                            |                                                                                                                                                |                3 |              3 |         1.00 |
| ~design_2_i/mdm_1/U0/Use_E2.BSCAN_I/Dbg_Update_0_BUFG      |                                                                                                                                                                                                            | design_2_i/mdm_1/U0/Use_E2.BSCAN_I/AR[0]                                                                                                       |                1 |              4 |         4.00 |
|  design_2_i/mdm_1/U0/No_Dbg_Reg_Access.BUFG_DRCK/Dbg_Clk_0 | design_2_i/mdm_1/U0/MDM_Core_I1/Use_BSCAN.TDI_Shifter0                                                                                                                                                     | design_2_i/mdm_1/U0/Use_E2.BSCAN_I/AR[0]                                                                                                       |                1 |              4 |         4.00 |
|  design_2_i/clk_wiz_1/inst/clk_out1                        | design_2_i/axi_uart16550_0/U0/XUART_I_1/UART16550_I_1/ier1                                                                                                                                                 | design_2_i/axi_uart16550_0/U0/AXI_LITE_IPIF_I/I_SLAVE_ATTACHMENT/SR[0]                                                                         |                1 |              4 |         4.00 |
|  design_2_i/clk_wiz_1/inst/clk_out1                        | design_2_i/axi_uart16550_0/U0/XUART_I_1/UART16550_I_1/GENERATING_FIFOS.rx_error_in_fifo_cnt[3]_i_2_n_0                                                                                                     | design_2_i/axi_uart16550_0/U0/AXI_LITE_IPIF_I/I_SLAVE_ATTACHMENT/rst_reg_0[0]                                                                  |                1 |              4 |         4.00 |
|  design_2_i/clk_wiz_1/inst/clk_out1                        | design_2_i/axi_uart16550_0/U0/XUART_I_1/UART16550_I_1/msr_reg0                                                                                                                                             |                                                                                                                                                |                1 |              4 |         4.00 |
|  design_2_i/clk_wiz_1/inst/clk_out1                        |                                                                                                                                                                                                            | design_2_i/axi_uart16550_0/U0/XUART_I_1/UART16550_I_1/rx16550_1/framing_error_flag0                                                            |                1 |              4 |         4.00 |
|  design_2_i/clk_wiz_1/inst/clk_out1                        | design_2_i/axi_uart16550_0/U0/XUART_I_1/UART16550_I_1/tx16550_1/clkdiv[3]_i_1__0_n_0                                                                                                                       | design_2_i/axi_uart16550_0/U0/AXI_LITE_IPIF_I/I_SLAVE_ATTACHMENT/SR[0]                                                                         |                1 |              4 |         4.00 |
|  design_2_i/clk_wiz_1/inst/clk_out1                        | design_2_i/axi_uart16550_0/U0/AXI_LITE_IPIF_I/I_SLAVE_ATTACHMENT/bus2ip_addr_i[4]_i_1_n_0                                                                                                                  | design_2_i/axi_uart16550_0/U0/AXI_LITE_IPIF_I/I_SLAVE_ATTACHMENT/SR[0]                                                                         |                1 |              4 |         4.00 |
|  design_2_i/mdm_1/U0/Use_E2.BSCAN_I/Dbg_Update_0_BUFG      | design_2_i/mdm_1/U0/MDM_Core_I1/Use_BSCAN.MDM_SEL                                                                                                                                                          | design_2_i/mdm_1/U0/Use_E2.BSCAN_I/AR[0]                                                                                                       |                1 |              4 |         4.00 |
|  design_2_i/clk_wiz_1/inst/clk_out1                        |                                                                                                                                                                                                            | design_2_i/axi_uart16550_0/U0/XUART_I_1/UART16550_I_1/msr_reg0                                                                                 |                1 |              4 |         4.00 |
|  design_2_i/clk_wiz_1/inst/clk_out1                        |                                                                                                                                                                                                            | design_2_i/microblaze_0_axi_intc/U0/AXI_LITE_IPIF_I/I_SLAVE_ATTACHMENT/clear                                                                   |                1 |              4 |         4.00 |
|  design_2_i/clk_wiz_1/inst/clk_out1                        | design_2_i/axi_uart16550_0/U0/XUART_I_1/UART16550_I_1/rx16550_1/clkdiv[3]_i_1_n_0                                                                                                                          |                                                                                                                                                |                2 |              4 |         2.00 |
|  design_2_i/clk_wiz_1/inst/clk_out1                        | design_2_i/axi_uart16550_0/U0/XUART_I_1/UART16550_I_1/mcr0                                                                                                                                                 | design_2_i/axi_uart16550_0/U0/AXI_LITE_IPIF_I/I_SLAVE_ATTACHMENT/SR[0]                                                                         |                1 |              5 |         5.00 |
|  design_2_i/mdm_1/U0/Use_E2.BSCAN_I/Dbg_Update_0_BUFG      | design_2_i/microblaze_0/U0/MicroBlaze_Core_I/Performance.Core/Use_Debug_Logic.Master_Core.Debug_Perf/Control_Reg_En                                                                                        |                                                                                                                                                |                4 |              5 |         1.25 |
|  design_2_i/clk_wiz_1/inst/clk_out1                        | design_2_i/microblaze_0/U0/MicroBlaze_Core_I/Performance.Core/Decode_I/wb_Halted                                                                                                                           | design_2_i/microblaze_0/U0/MicroBlaze_Core_I/sync_reset                                                                                        |                1 |              5 |         5.00 |
|  design_2_i/clk_wiz_1/inst/clk_out1                        |                                                                                                                                                                                                            | design_2_i/rst_clk_wiz_1_100M/U0/EXT_LPF/lpf_int                                                                                               |                2 |              5 |         2.50 |
|  design_2_i/clk_wiz_1/inst/clk_out1                        | design_2_i/rst_clk_wiz_1_100M/U0/SEQ/seq_cnt_en                                                                                                                                                            | design_2_i/rst_clk_wiz_1_100M/U0/SEQ/SEQ_COUNTER/clear                                                                                         |                1 |              6 |         6.00 |
|  design_2_i/clk_wiz_1/inst/clk_out1                        |                                                                                                                                                                                                            | design_2_i/axi_uart16550_0/U0/XUART_I_1/UART16550_I_1/GENERATING_FIFOS.tx_fifo_rst                                                             |                3 |              6 |         2.00 |
|  design_2_i/mdm_1/U0/No_Dbg_Reg_Access.BUFG_DRCK/Dbg_Clk_0 | design_2_i/mdm_1/U0/Use_E2.BSCAN_I/sel                                                                                                                                                                     |                                                                                                                                                |                3 |              6 |         2.00 |
|  design_2_i/mdm_1/U0/No_Dbg_Reg_Access.BUFG_DRCK/Dbg_Clk_0 | design_2_i/mdm_1/U0/Use_E2.BSCAN_I/Use_E2.BSCANE2_I_2                                                                                                                                                      |                                                                                                                                                |                2 |              6 |         3.00 |
|  design_2_i/mdm_1/U0/No_Dbg_Reg_Access.BUFG_DRCK/Dbg_Clk_0 | design_2_i/mdm_1/U0/MDM_Core_I1/JTAG_CONTROL_I/Use_BSCAN.FDC_I/sample_1                                                                                                                                    |                                                                                                                                                |                2 |              6 |         3.00 |
|  design_2_i/clk_wiz_1/inst/clk_out1                        |                                                                                                                                                                                                            | design_2_i/axi_uart16550_0/U0/XUART_I_1/UART16550_I_1/SS[0]                                                                                    |                2 |              6 |         3.00 |
|  design_2_i/clk_wiz_1/inst/clk_out1                        | design_2_i/axi_uart16550_0/U0/XUART_I_1/UART16550_I_1/rx16550_1/clk1x                                                                                                                                      | design_2_i/axi_uart16550_0/U0/XUART_I_1/UART16550_I_1/rx16550_1/parity_error_d0                                                                |                5 |              7 |         1.40 |
|  design_2_i/clk_wiz_1/inst/clk_out1                        | design_2_i/axi_uart16550_0/U0/XUART_I_1/UART16550_I_1/xuart_tx_load_sm_1/tsr_com                                                                                                                           | design_2_i/axi_uart16550_0/U0/AXI_LITE_IPIF_I/I_SLAVE_ATTACHMENT/SR[0]                                                                         |                1 |              8 |         8.00 |
|  design_2_i/mdm_1/U0/No_Dbg_Reg_Access.BUFG_DRCK/Dbg_Clk_0 | design_2_i/mdm_1/U0/MDM_Core_I1/JTAG_CONTROL_I/tdi_shifter0                                                                                                                                                |                                                                                                                                                |                2 |              8 |         4.00 |
|  design_2_i/clk_wiz_1/inst/clk_out1                        | design_2_i/axi_uart16550_0/U0/XUART_I_1/UART16550_I_1/dlm0                                                                                                                                                 | design_2_i/axi_uart16550_0/U0/AXI_LITE_IPIF_I/I_SLAVE_ATTACHMENT/SR[0]                                                                         |                3 |              8 |         2.67 |
|  design_2_i/mdm_1/U0/No_Dbg_Reg_Access.BUFG_DRCK/Dbg_Clk_0 | design_2_i/microblaze_0/U0/MicroBlaze_Core_I/Performance.Core/Use_Debug_Logic.Master_Core.Debug_Perf/Using_PC_Breakpoints.All_PC_Brks[0].Serial_Interface_1.address_hit_I/Compare[0].SRLC16E_I/which_pc__0 |                                                                                                                                                |                7 |              8 |         1.14 |
|  design_2_i/mdm_1/U0/Use_E2.BSCAN_I/Dbg_Update_0_BUFG      | design_2_i/mdm_1/U0/MDM_Core_I1/JTAG_CONTROL_I/Use_BSCAN.FDC_I/command_10                                                                                                                                  |                                                                                                                                                |                1 |              8 |         8.00 |
| ~design_2_i/mdm_1/U0/Use_E2.BSCAN_I/Dbg_Update_0_BUFG      | design_2_i/mdm_1/U0/MDM_Core_I1/JTAG_CONTROL_I/Use_BSCAN.command[0]_i_1_n_0                                                                                                                                |                                                                                                                                                |                2 |              8 |         4.00 |
|  design_2_i/clk_wiz_1/inst/clk_out1                        | design_2_i/axi_uart16550_0/U0/XUART_I_1/UART16550_I_1/GENERATING_FIFOS.tx_fifo_block_1/srl_fifo_rbu_f_i1/DYNSHREG_F_I/tx_fifo_wr_en_i                                                                      |                                                                                                                                                |                1 |              8 |         8.00 |
|  design_2_i/clk_wiz_1/inst/clk_out1                        | design_2_i/axi_uart16550_0/U0/XUART_I_1/UART16550_I_1/readStrobe                                                                                                                                           | design_2_i/axi_uart16550_0/U0/AXI_LITE_IPIF_I/I_SLAVE_ATTACHMENT/SR[0]                                                                         |                3 |              8 |         2.67 |
|  design_2_i/clk_wiz_1/inst/clk_out1                        | design_2_i/axi_uart16550_0/U0/AXI_LITE_IPIF_I/I_SLAVE_ATTACHMENT/s_axi_rresp_i                                                                                                                             | design_2_i/axi_uart16550_0/U0/AXI_LITE_IPIF_I/I_SLAVE_ATTACHMENT/SR[0]                                                                         |                3 |              8 |         2.67 |
|  design_2_i/clk_wiz_1/inst/clk_out1                        | design_2_i/axi_uart16550_0/U0/XUART_I_1/UART16550_I_1/scr0                                                                                                                                                 | design_2_i/axi_uart16550_0/U0/AXI_LITE_IPIF_I/I_SLAVE_ATTACHMENT/SR[0]                                                                         |                2 |              8 |         4.00 |
|  design_2_i/clk_wiz_1/inst/clk_out1                        | design_2_i/axi_uart16550_0/U0/XUART_I_1/UART16550_I_1/rx16550_1/rbr_d0                                                                                                                                     | design_2_i/axi_uart16550_0/U0/XUART_I_1/UART16550_I_1/rx16550_1/rx_rst                                                                         |                2 |              8 |         4.00 |
|  design_2_i/clk_wiz_1/inst/clk_out1                        | design_2_i/microblaze_0_axi_intc/U0/AXI_LITE_IPIF_I/I_SLAVE_ATTACHMENT/bus2ip_addr_i[8]_i_1_n_0                                                                                                            | design_2_i/microblaze_0_axi_intc/U0/AXI_LITE_IPIF_I/I_SLAVE_ATTACHMENT/rst                                                                     |                2 |              8 |         4.00 |
|  design_2_i/clk_wiz_1/inst/clk_out1                        | design_2_i/axi_uart16550_0/U0/XUART_I_1/UART16550_I_1/Thr0                                                                                                                                                 | design_2_i/axi_uart16550_0/U0/AXI_LITE_IPIF_I/I_SLAVE_ATTACHMENT/SR[0]                                                                         |                1 |              8 |         8.00 |
|  design_2_i/clk_wiz_1/inst/clk_out1                        | design_2_i/axi_uart16550_0/U0/XUART_I_1/UART16550_I_1/rx16550_1/clk1x_d                                                                                                                                    | design_2_i/axi_uart16550_0/U0/XUART_I_1/UART16550_I_1/rx16550_1/rx_rst                                                                         |                1 |              8 |         8.00 |
|  design_2_i/clk_wiz_1/inst/clk_out1                        | design_2_i/axi_uart16550_0/U0/XUART_I_1/UART16550_I_1/Lcr0                                                                                                                                                 | design_2_i/axi_uart16550_0/U0/AXI_LITE_IPIF_I/I_SLAVE_ATTACHMENT/SR[0]                                                                         |                2 |              8 |         4.00 |
|  design_2_i/clk_wiz_1/inst/clk_out1                        | design_2_i/axi_uart16550_0/U0/XUART_I_1/UART16550_I_1/dll0                                                                                                                                                 | design_2_i/axi_uart16550_0/U0/AXI_LITE_IPIF_I/I_SLAVE_ATTACHMENT/SR[0]                                                                         |                2 |              8 |         4.00 |
|  design_2_i/mdm_1/U0/No_Dbg_Reg_Access.BUFG_DRCK/Dbg_Clk_0 | design_2_i/mdm_1/U0/MDM_Core_I1/JTAG_CONTROL_I/Use_BSCAN.FDC_I/Use_Serial_Unified_Completion.completion_block_reg                                                                                          |                                                                                                                                                |                3 |             10 |         3.33 |
|  design_2_i/clk_wiz_1/inst/clk_out1                        | design_2_i/axi_uart16550_0/U0/XUART_I_1/UART16550_I_1/GENERATING_FIFOS.rx_fifo_block_1/rx_fifo_control_1/character_counter0                                                                                | design_2_i/axi_uart16550_0/U0/XUART_I_1/UART16550_I_1/rx16550_1/SR[0]                                                                          |                3 |             10 |         3.33 |
|  design_2_i/clk_wiz_1/inst/clk_out1                        |                                                                                                                                                                                                            | design_2_i/microblaze_0_axi_intc/U0/AXI_LITE_IPIF_I/I_SLAVE_ATTACHMENT/rst                                                                     |                4 |             11 |         2.75 |
|  design_2_i/clk_wiz_1/inst/clk_out1                        |                                                                                                                                                                                                            | design_2_i/microblaze_0_axi_periph/xbar/inst/gen_sasd.crossbar_sasd_0/addr_arbiter_inst/SR[0]                                                  |                5 |             11 |         2.20 |
|  design_2_i/clk_wiz_1/inst/clk_out1                        | design_2_i/axi_uart16550_0/U0/XUART_I_1/UART16550_I_1/rx16550_1/rx_fifo_wr_en_i                                                                                                                            |                                                                                                                                                |                2 |             11 |         5.50 |
|  design_2_i/clk_wiz_1/inst/clk_out1                        | design_2_i/axi_uart16550_0/U0/XUART_I_1/UART16550_I_1/rx16550_1/rclk_int                                                                                                                                   | design_2_i/axi_uart16550_0/U0/XUART_I_1/UART16550_I_1/rx16550_1/rx_rst                                                                         |                3 |             12 |         4.00 |
|  design_2_i/clk_wiz_1/inst/clk_out1                        | design_2_i/axi_uart16550_0/U0/XUART_I_1/UART16550_I_1/tx16550_1/Sout0                                                                                                                                      | design_2_i/axi_uart16550_0/U0/AXI_LITE_IPIF_I/I_SLAVE_ATTACHMENT/SR[0]                                                                         |                9 |             14 |         1.56 |
|  design_2_i/clk_wiz_1/inst/clk_out1                        | design_2_i/microblaze_0_axi_periph/xbar/inst/gen_sasd.crossbar_sasd_0/reg_slice_r/aa_rready                                                                                                                |                                                                                                                                                |                6 |             15 |         2.50 |
|  design_2_i/clk_wiz_1/inst/clk_out1                        | design_2_i/microblaze_0/U0/MicroBlaze_Core_I/Performance.Core/Decode_I/PreFetch_Buffer_I1/Instruction_Prefetch_Mux[4].Gen_Instr_DFF/E[0]                                                                   | design_2_i/microblaze_0/U0/MicroBlaze_Core_I/sync_reset                                                                                        |                6 |             16 |         2.67 |
|  design_2_i/clk_wiz_1/inst/clk_out1                        |                                                                                                                                                                                                            | design_2_i/axi_uart16550_0/U0/XUART_I_1/UART16550_I_1/rx16550_1/rx_rst                                                                         |                6 |             18 |         3.00 |
|  design_2_i/clk_wiz_1/inst/clk_out1                        | design_2_i/microblaze_0_axi_intc/U0/AXI_LITE_IPIF_I/I_SLAVE_ATTACHMENT/start2                                                                                                                              | design_2_i/microblaze_0_axi_intc/U0/AXI_LITE_IPIF_I/I_SLAVE_ATTACHMENT/I_DECODER/cs_ce_clr                                                     |                4 |             19 |         4.75 |
|  design_2_i/clk_wiz_1/inst/clk_out1                        | design_2_i/microblaze_0/U0/MicroBlaze_Core_I/Performance.Core/Decode_I/mem_wait_on_ready_N_carry_or/MUXCY_I/lopt_1                                                                                         | design_2_i/microblaze_0/U0/MicroBlaze_Core_I/sync_reset                                                                                        |                6 |             21 |         3.50 |
|  design_2_i/clk_wiz_1/inst/clk_out1                        | design_2_i/microblaze_0_axi_periph/xbar/inst/gen_sasd.crossbar_sasd_0/addr_arbiter_inst/p_0_in1_in                                                                                                         | design_2_i/microblaze_0_axi_periph/xbar/inst/gen_sasd.crossbar_sasd_0/addr_arbiter_inst/SR[0]                                                  |                3 |             23 |         7.67 |
|  design_2_i/mdm_1/U0/No_Dbg_Reg_Access.BUFG_DRCK/Dbg_Clk_0 |                                                                                                                                                                                                            | design_2_i/mdm_1/U0/Use_E2.BSCAN_I/Use_E2.BSCANE2_I_4                                                                                          |                5 |             23 |         4.60 |
|  design_2_i/clk_wiz_1/inst/clk_out1                        |                                                                                                                                                                                                            | design_2_i/microblaze_0_axi_intc/U0/INTC_CORE_I/SR[0]                                                                                          |                8 |             27 |         3.38 |
|  design_2_i/mdm_1/U0/No_Dbg_Reg_Access.BUFG_DRCK/Dbg_Clk_0 | design_2_i/microblaze_0/U0/MicroBlaze_Core_I/Performance.Core/Use_Debug_Logic.Master_Core.Debug_Perf/Serial_Dbg_Intf.New_Dbg_Instr_TCK                                                                     |                                                                                                                                                |               15 |             32 |         2.13 |
|  design_2_i/clk_wiz_1/inst/clk_out1                        | design_2_i/microblaze_0_axi_intc/U0/AXI_LITE_IPIF_I/I_SLAVE_ATTACHMENT/s_axi_rresp_i                                                                                                                       | design_2_i/microblaze_0_axi_intc/U0/AXI_LITE_IPIF_I/I_SLAVE_ATTACHMENT/rst                                                                     |                6 |             32 |         5.33 |
|  design_2_i/clk_wiz_1/inst/clk_out1                        |                                                                                                                                                                                                            | design_2_i/microblaze_0/U0/MicroBlaze_Core_I/Performance.Core/wb_dlmb_valid_read_data0                                                         |               13 |             32 |         2.46 |
|  design_2_i/clk_wiz_1/inst/clk_out1                        | design_2_i/microblaze_0/U0/MicroBlaze_Core_I/Performance.Core/Decode_I/Use_MuxCy[3].OF_Piperun_Stage/MUXCY_I/E[0]                                                                                          | design_2_i/microblaze_0/U0/MicroBlaze_Core_I/sync_reset                                                                                        |               10 |             32 |         3.20 |
|  design_2_i/clk_wiz_1/inst/clk_out1                        | design_2_i/microblaze_0/U0/MicroBlaze_Core_I/Performance.Core/Decode_I/mem_wait_on_ready_N_carry_or/MUXCY_I/lopt_1                                                                                         | design_2_i/microblaze_0/U0/MicroBlaze_Core_I/Performance.Core/Decode_I/SR[0]                                                                   |                9 |             32 |         3.56 |
|  design_2_i/clk_wiz_1/inst/clk_out1                        | design_2_i/microblaze_0_axi_periph/xbar/inst/gen_sasd.crossbar_sasd_0/reg_slice_r/s_axi_rvalid[0]                                                                                                          | design_2_i/microblaze_0/U0/MicroBlaze_Core_I/sync_reset                                                                                        |               10 |             32 |         3.20 |
|  design_2_i/clk_wiz_1/inst/clk_out1                        | design_2_i/microblaze_0/U0/MicroBlaze_Core_I/Performance.Core/Use_Debug_Logic.Master_Core.Debug_Perf/data_rd_reg[0]_i_1_n_0                                                                                | design_2_i/microblaze_0/U0/MicroBlaze_Core_I/sync_reset                                                                                        |                9 |             32 |         3.56 |
|  design_2_i/clk_wiz_1/inst/clk_out1                        | design_2_i/microblaze_0_axi_intc/U0/INTC_CORE_I/irq                                                                                                                                                        |                                                                                                                                                |                7 |             32 |         4.57 |
|  design_2_i/clk_wiz_1/inst/clk_out1                        | design_2_i/microblaze_0/U0/MicroBlaze_Core_I/Performance.Core/Decode_I/PreFetch_Buffer_I1/Gen_Mux_Select_LUT6[2].Gen_Sel_DFF/Using_FPGA.Native_1[0]                                                        | design_2_i/microblaze_0/U0/MicroBlaze_Core_I/sync_reset                                                                                        |                7 |             32 |         4.57 |
|  design_2_i/clk_wiz_1/inst/clk_out1                        | design_2_i/microblaze_0/U0/MicroBlaze_Core_I/Performance.Core/Decode_I/Use_MuxCy[3].OF_Piperun_Stage/MUXCY_I/Using_FPGA.Native_0                                                                           | design_2_i/microblaze_0/U0/MicroBlaze_Core_I/Performance.Core/Decode_I/R                                                                       |               10 |             32 |         3.20 |
|  design_2_i/clk_wiz_1/inst/clk_out1                        | design_2_i/microblaze_0_axi_periph/xbar/inst/gen_sasd.crossbar_sasd_0/addr_arbiter_inst/E[0]                                                                                                               |                                                                                                                                                |               13 |             33 |         2.54 |
|  design_2_i/clk_wiz_1/inst/clk_out1                        | design_2_i/microblaze_0/U0/MicroBlaze_Core_I/Performance.Core/Decode_I/mem_wait_on_ready_N_carry_or/MUXCY_I/lopt_1                                                                                         |                                                                                                                                                |                5 |             34 |         6.80 |
|  design_2_i/mdm_1/U0/No_Dbg_Reg_Access.BUFG_DRCK/Dbg_Clk_0 | design_2_i/mdm_1/U0/Use_E2.BSCAN_I/Use_E2.BSCANE2_I_0                                                                                                                                                      |                                                                                                                                                |               11 |             47 |         4.27 |
|  design_2_i/clk_wiz_1/inst/clk_out1                        |                                                                                                                                                                                                            | design_2_i/axi_uart16550_0/U0/AXI_LITE_IPIF_I/I_SLAVE_ATTACHMENT/SR[0]                                                                         |               18 |             48 |         2.67 |
|  design_2_i/clk_wiz_1/inst/clk_out1                        | design_2_i/microblaze_0_axi_intc/U0/AXI_LITE_IPIF_I/I_SLAVE_ATTACHMENT/I_DECODER/GEN_BKEND_CE_REGISTERS[16].ce_out_i_reg[16]_0[0]                                                                          |                                                                                                                                                |                8 |             64 |         8.00 |
|  design_2_i/clk_wiz_1/inst/clk_out1                        | design_2_i/microblaze_0/U0/MicroBlaze_Core_I/Performance.Core/Decode_I/PreFetch_Buffer_I1/Instruction_Prefetch_Mux[42].Instr_Mux_MUXF7/IReady_0                                                            |                                                                                                                                                |               11 |             75 |         6.82 |
|  design_2_i/mdm_1/U0/No_Dbg_Reg_Access.BUFG_DRCK/Dbg_Clk_0 |                                                                                                                                                                                                            |                                                                                                                                                |               31 |             80 |         2.58 |
|  design_2_i/clk_wiz_1/inst/clk_out1                        | design_2_i/microblaze_0/U0/MicroBlaze_Core_I/Performance.Core/Decode_I/Use_MuxCy[3].OF_Piperun_Stage/MUXCY_I/Using_FPGA.Native_0                                                                           | design_2_i/microblaze_0/U0/MicroBlaze_Core_I/sync_reset                                                                                        |               22 |             80 |         3.64 |
|  design_2_i/clk_wiz_1/inst/clk_out1                        | design_2_i/microblaze_0/U0/MicroBlaze_Core_I/Performance.Core/Decode_I/WB_GPR_Wr                                                                                                                           |                                                                                                                                                |               16 |            128 |         8.00 |
|  design_2_i/clk_wiz_1/inst/clk_out1                        |                                                                                                                                                                                                            | design_2_i/microblaze_0/U0/MicroBlaze_Core_I/sync_reset                                                                                        |               61 |            157 |         2.57 |
|  design_2_i/clk_wiz_1/inst/clk_out1                        | design_2_i/microblaze_0/U0/MicroBlaze_Core_I/Performance.Core/Decode_I/Use_MuxCy[11].OF_Piperun_Stage/MUXCY_I/Using_FPGA.Native_0                                                                          | design_2_i/microblaze_0/U0/MicroBlaze_Core_I/sync_reset                                                                                        |               80 |            221 |         2.76 |
|  design_2_i/clk_wiz_1/inst/clk_out1                        |                                                                                                                                                                                                            |                                                                                                                                                |               91 |            274 |         3.01 |
+------------------------------------------------------------+------------------------------------------------------------------------------------------------------------------------------------------------------------------------------------------------------------+------------------------------------------------------------------------------------------------------------------------------------------------+------------------+----------------+--------------+


